    Blocking waiting for file lock on build directory
    Checking ippan-time v0.1.0 (/mnt/c/Users/ugosa/Desktop/Cursor SOFTWARE/IPPAN/crates/time)
    Checking ippan-types v0.1.0 (/mnt/c/Users/ugosa/Desktop/Cursor SOFTWARE/IPPAN/crates/types)
    Checking ippan-crypto v0.1.0 (/mnt/c/Users/ugosa/Desktop/Cursor SOFTWARE/IPPAN/crates/crypto)
    Checking ippan_economics v0.1.0 (/mnt/c/Users/ugosa/Desktop/Cursor SOFTWARE/IPPAN/crates/ippan_economics)
    Checking ippan-ai-registry v0.1.0 (/mnt/c/Users/ugosa/Desktop/Cursor SOFTWARE/IPPAN/crates/ai_registry)
    Checking ippan-l1-fees v0.1.0 (/mnt/c/Users/ugosa/Desktop/Cursor SOFTWARE/IPPAN/crates/l1_fees)
    Checking ippan-network v0.1.0 (/mnt/c/Users/ugosa/Desktop/Cursor SOFTWARE/IPPAN/crates/network)
    Checking ippan-storage v0.1.0 (/mnt/c/Users/ugosa/Desktop/Cursor SOFTWARE/IPPAN/crates/storage)
    Checking ippan-l2-handle-registry v0.1.0 (/mnt/c/Users/ugosa/Desktop/Cursor SOFTWARE/IPPAN/crates/l2_handle_registry)
    Checking ippan-files v0.1.0 (/mnt/c/Users/ugosa/Desktop/Cursor SOFTWARE/IPPAN/crates/files)
    Checking ippan-mempool v0.1.0 (/mnt/c/Users/ugosa/Desktop/Cursor SOFTWARE/IPPAN/crates/mempool)
    Checking ippan-treasury v0.1.0 (/mnt/c/Users/ugosa/Desktop/Cursor SOFTWARE/IPPAN/crates/treasury)
    Checking ippan-governance v0.1.0 (/mnt/c/Users/ugosa/Desktop/Cursor SOFTWARE/IPPAN/crates/governance)
    Checking ippan-consensus-dlc v0.1.0 (/mnt/c/Users/ugosa/Desktop/Cursor SOFTWARE/IPPAN/crates/consensus_dlc)
    Checking ippan-l1-handle-anchors v0.1.0 (/mnt/c/Users/ugosa/Desktop/Cursor SOFTWARE/IPPAN/crates/l1_handle_anchors)
    Checking ippan-p2p v0.1.0 (/mnt/c/Users/ugosa/Desktop/Cursor SOFTWARE/IPPAN/crates/p2p)
    Checking ippan-consensus v0.1.0 (/mnt/c/Users/ugosa/Desktop/Cursor SOFTWARE/IPPAN/crates/consensus)
    Checking ippan-rpc v0.1.0 (/mnt/c/Users/ugosa/Desktop/Cursor SOFTWARE/IPPAN/crates/rpc)
error: couldn't read `crates/rpc/src/server.rs`: stream did not contain valid UTF-8
 --> crates/rpc/src/lib.rs:6:1
  |
6 | pub mod server;
  | ^^^^^^^^^^^^^^^
  |
note: byte `255` is not valid utf-8
 --> crates/rpc/src/server.rs:1:1
  |
1 | ��u␀s␀e␀ ␀p␀a␀r␀k␀i␀n␀g␀_␀l␀o␀t␀:␀:␀R␀w␀L␀o␀c␀k␀;␀␍␀
  | ^

error: could not compile `ippan-rpc` (lib test) due to 1 previous error
